
> web@0.2.0 build
> next build

▲ Next.js 16.2.3 (Turbopack)
- Experiments (use with caution):
  · optimizePackageImports

⚠ The "middleware" file convention is deprecated. Please use "proxy" instead. Learn more: https://nextjs.org/docs/messages/middleware-to-proxy
  Creating an optimized production build ...
✓ Compiled successfully in 31.1s
  Running TypeScript ...
  Finished TypeScript in 41s ...
  Collecting page data using 3 workers ...
[Puppeteer Pool] Skipping pre-warm during build
  Generating static pages using 3 workers (0/16) ...
  Generating static pages using 3 workers (4/16) 
  Generating static pages using 3 workers (8/16) 
  Generating static pages using 3 workers (12/16) 
✓ Generating static pages using 3 workers (16/16) in 1048ms
  Finalizing page optimization ...

Route (app)
┌ ƒ /
├ ƒ /_not-found
├ ƒ /api/health
├ ƒ /api/resumes/[id]/pdf
├ ƒ /auth/callback
├ ƒ /dashboard
├ ƒ /dashboard/ai
├ ƒ /dashboard/preferences
├ ƒ /dashboard/profile
├ ƒ /dashboard/resumes/[id]
├ ƒ /dashboard/security
├ ƒ /dashboard/tracker
├ ƒ /forgot-password
├ ƒ /login
├ ƒ /p/[id]
├ ƒ /register
├ ƒ /reset-password
└ ƒ /resumes/[id]/export


ƒ Proxy (Middleware)

ƒ  (Dynamic)  server-rendered on demand

